// Jest Snapshot v1, https://goo.gl/fbAQLP

exports[`App renders users when API call succeeds 1`] = `
<DocumentFragment>
  <div
    class="sc-hKFymg kpHBGM"
  >
    <div
      class="sc-jSFipO fATsYh"
      columns="5"
    >
      <div
        class="sc-eCAqax jGlwds"
      >
        <img
          class="sc-gKAaef NSRdu"
          src="pokeapi_256.png"
          width="300"
        />
        <img
          class="sc-gKAaef kBAAMz"
          height="300"
          paddingtop="100"
          src="bulbasur.png"
        />
      </div>
    </div>
    <div
      class="sc-jSFipO fATsZr"
      columns="7"
    >
      <button>
        Next
      </button>
      <table
        class="sc-bdnyFh lbbdiP"
      >
        <tbody>
          <tr>
            <td
              class="sc-gtsqUy dlejGb"
            >
              bulbasaur
            </td>
            <td
              class="sc-gtsqUy dlejGb"
            >
              <img
                class="sc-gKAaef IrPTC"
                height="30"
                src="pokeball.png"
              />
            </td>
          </tr>
          <tr>
            <td
              class="sc-gtsqUy dlejGb"
            >
              ivysaur
            </td>
            <td
              class="sc-gtsqUy dlejGb"
            >
              <img
                class="sc-gKAaef IrPTC"
                height="30"
                src="pokeball.png"
              />
            </td>
          </tr>
        </tbody>
      </table>
    </div>
  </div>
</DocumentFragment>
`;

exports[`App snapshot should be the same 1`] = `
<div
  className="sc-hKFymg kpHBGM"
>
  <div
    className="sc-jSFipO fATsYh"
    columns={5}
  >
    <div
      className="sc-eCAqax jGlwds"
    >
      <img
        className="sc-gKAaef NSRdu"
        src="pokeapi_256.png"
        width={300}
      />
      <img
        className="sc-gKAaef kBAAMz"
        height={300}
        paddingtop={100}
        src="bulbasur.png"
      />
    </div>
  </div>
  <div
    className="sc-jSFipO fATsZr"
    columns={7}
  >
    <button
      onClick={[Function]}
    >
      Next
    </button>
    <table
      className="sc-bdnyFh lbbdiP"
    >
      <tbody />
    </table>
  </div>
</div>
`;
